Release 14.7 - xst P.20131013 (lin64)
Copyright (c) 1995-2013 Xilinx, Inc.  All rights reserved.
--> 
Parameter TMPDIR set to xst/projnav.tmp


Total REAL time to Xst completion: 0.00 secs
Total CPU time to Xst completion: 0.04 secs
 
--> 
Parameter xsthdpdir set to xst


Total REAL time to Xst completion: 0.00 secs
Total CPU time to Xst completion: 0.04 secs
 
--> 
Reading design: buffer_ram_dp.prj

TABLE OF CONTENTS
  1) Synthesis Options Summary
  2) HDL Compilation
  3) Design Hierarchy Analysis
  4) HDL Analysis
  5) HDL Synthesis
     5.1) HDL Synthesis Report
  6) Advanced HDL Synthesis
     6.1) Advanced HDL Synthesis Report
  7) Low Level Synthesis
  8) Partition Report
  9) Final Report
	9.1) Device utilization summary
	9.2) Partition Resource Summary
	9.3) TIMING REPORT


=========================================================================
*                      Synthesis Options Summary                        *
=========================================================================
---- Source Parameters
Input File Name                    : "buffer_ram_dp.prj"
Input Format                       : mixed
Ignore Synthesis Constraint File   : NO

---- Target Parameters
Output File Name                   : "buffer_ram_dp"
Output Format                      : NGC
Target Device                      : xc3s500e-5-fg320

---- Source Options
Top Module Name                    : buffer_ram_dp
Automatic FSM Extraction           : YES
FSM Encoding Algorithm             : Auto
Safe Implementation                : No
FSM Style                          : LUT
RAM Extraction                     : Yes
RAM Style                          : Auto
ROM Extraction                     : Yes
Mux Style                          : Auto
Decoder Extraction                 : YES
Priority Encoder Extraction        : Yes
Shift Register Extraction          : YES
Logical Shifter Extraction         : YES
XOR Collapsing                     : YES
ROM Style                          : Auto
Mux Extraction                     : Yes
Resource Sharing                   : YES
Asynchronous To Synchronous        : NO
Multiplier Style                   : Auto
Automatic Register Balancing       : No

---- Target Options
Add IO Buffers                     : YES
Global Maximum Fanout              : 500
Add Generic Clock Buffer(BUFG)     : 24
Register Duplication               : YES
Slice Packing                      : YES
Optimize Instantiated Primitives   : NO
Use Clock Enable                   : Yes
Use Synchronous Set                : Yes
Use Synchronous Reset              : Yes
Pack IO Registers into IOBs        : Auto
Equivalent register Removal        : YES

---- General Options
Optimization Goal                  : Speed
Optimization Effort                : 1
Keep Hierarchy                     : No
Netlist Hierarchy                  : As_Optimized
RTL Output                         : Yes
Global Optimization                : AllClockNets
Read Cores                         : YES
Write Timing Constraints           : NO
Cross Clock Analysis               : NO
Hierarchy Separator                : /
Bus Delimiter                      : <>
Case Specifier                     : Maintain
Slice Utilization Ratio            : 100
BRAM Utilization Ratio             : 100
Verilog 2001                       : YES
Auto BRAM Packing                  : NO
Slice Utilization Ratio Delta      : 5

=========================================================================


=========================================================================
*                          HDL Compilation                              *
=========================================================================
Compiling verilog file "buffer_ram_dp.v" in library work
Module <buffer_ram_dp> compiled
No errors in compilation
Analysis of file <"buffer_ram_dp.prj"> succeeded.
 

=========================================================================
*                     Design Hierarchy Analysis                         *
=========================================================================
Analyzing hierarchy for module <buffer_ram_dp> in library <work> with parameters.
	AW = "00000000000000000000000000010001"
	DW = "00000000000000000000000000010000"
	NPOS = "00000000000000100000000000000000"
	imageFILE = "/home/juan/Documentos/Electronica DIgital/buffer_ram_dp/buffer_ram_dp/image.men"


=========================================================================
*                            HDL Analysis                               *
=========================================================================
Analyzing top module <buffer_ram_dp>.
	AW = 32'sb00000000000000000000000000010001
	DW = 32'sb00000000000000000000000000010000
	NPOS = 32'sb00000000000000100000000000000000
	imageFILE = "/home/juan/Documentos/Electronica DIgital/buffer_ram_dp/buffer_ram_dp/image.men"
INFO:Xst:2546 - "buffer_ram_dp.v" line 54: reading initialization file "/home/juan/Documentos/Electronica DIgital/buffer_ram_dp/buffer_ram_dp/image.men".
WARNING:Xst:2319 - "buffer_ram_dp.v" line 54: Signal ram in initial block is partially initialized. The initialization will be ignored.
Module <buffer_ram_dp> is correct for synthesis.
 

=========================================================================
*                           HDL Synthesis                               *
=========================================================================

Performing bidirectional port resolution...

Synthesizing Unit <buffer_ram_dp>.
    Related source file is "buffer_ram_dp.v".
    Found 131072x16-bit dual-port RAM <Mram_ram> for signal <ram>.
    Found 16-bit register for signal <data_out>.
    Summary:
	inferred   1 RAM(s).
	inferred  16 D-type flip-flop(s).
Unit <buffer_ram_dp> synthesized.


=========================================================================
HDL Synthesis Report

Macro Statistics
# RAMs                                                 : 1
 131072x16-bit dual-port RAM                           : 1
# Registers                                            : 1
 16-bit register                                       : 1

=========================================================================

=========================================================================
*                       Advanced HDL Synthesis                          *
=========================================================================


Synthesizing (advanced) Unit <buffer_ram_dp>.
INFO:Xst:3230 - The RAM description <Mram_ram> will not be implemented on the device block RAM because of limited available resources. If you would like this RAM to be implemented in block RAM, please select a larger device or increase the value specified by the BRAM_Utilization_Ratio constraint.
    -----------------------------------------------------------------------
    | ram_type           | Distributed                         |          |
    -----------------------------------------------------------------------
    | Port A                                                              |
    |     aspect ratio   | 131072-word x 16-bit                |          |
    |     clkA           | connected to signal <clk>           | rise     |
    |     weA            | connected to signal <regwrite>      | high     |
    |     addrA          | connected to signal <addr_in>       |          |
    |     diA            | connected to signal <data_in>       |          |
    -----------------------------------------------------------------------
    | Port B                                                              |
    |     aspect ratio   | 131072-word x 16-bit                |          |
    |     addrB          | connected to signal <addr_out>      |          |
    |     doB            | connected to internal node          |          |
    -----------------------------------------------------------------------
Unit <buffer_ram_dp> synthesized (advanced).

=========================================================================
Advanced HDL Synthesis Report

Macro Statistics
# RAMs                                                 : 1
 131072x16-bit dual-port distributed RAM               : 1
# Registers                                            : 16
 Flip-Flops                                            : 16

=========================================================================

=========================================================================
*                         Low Level Synthesis                           *
=========================================================================
